Loaded: ./exceptions.s
BREAKING GOOD: 1 TO 10. ELSE: BREAKING BAD1 2 3 4 5 6 7 8 