1 COMMENT %% My comment brings all the boys to the yard
2 COMMENT % it's all about the % bout da % ba dam tzzzz%%%%
5 STREAM 
8 STREAM 
9 COMMENT % =====================================================
10 COMMENT %					where is my dog
11 COMMENT % =====================================================
14 STREAM stream
23 STREAM stream
stream
stream
can't find him
stream
stream
30 STREAM momma
just killed a snail
put a salt against his head
pour the flour now he's bread
34 STREAM endstreamadafucka
38 STRING streamendstream
40 STRING stream

endstream
44 STREAM (his name is fluffy)
47 STRING            __.                                              
        .-".'                      .--.            _..._    
      .' .'                     .'    \       .-""  __ ""-. 
     /  /                     .'       : --..:__.-""  ""-. \
    :  :                     /         ;.d$$    sbp_.-""-:_:
    ;  :                    : ._       :P .-.   ,"TP        
    :   \                    \  T--...-; : d$b  :d$b        
     \   `.                   \  `..'    ; $ $  ;$ $        
      `.   "-.                 ).        : T$P  :T$P        
        \..---^..             /           `-'    `._`._     
       .'        "-.       .-"                     T$$$b    
      /             "-._.-"               ._        '^' ;   
     :                                    \.`.         /    
     ;                                -.   \`."-._.-'-'     
    :                                 .'\   \
48 STRING Here is the second half :'(
49 STRING  \ \ \         
    ;  ;                             /:  \   \ \ . ;        
   :   :                            ,  ;  `.  `.;  :        
   ;    \        ;                     ;    "-._:  ;        
  :      `.      :                     :         \/         
  ;       /"-.    ;                    :                    
 :       /    "-. :                  : ;                    
 :     .'        T-;                 ; ;        
 ;    :          ; ;                /  :        
 ;    ;          : :              .'    ;       
:    :            ;:         _..-"\     :       
:     \           : ;       /      \     ;      
;    . '.         '-;      /        ;    :      
;  \  ; :           :     :         :    '-.      
'.._L.:-'           :     ;         ;    . `. 
                     ;    :          :  \  ; :  
                     :    '-..       '.._L.:-'  
                      ;     , `.                
                      :   \  ; :                
                      '..__L.:-'
51 STRING Found him. Do you know why ? because
52 STRING 
 __   __.___  ___.    .______        ___   .___________..___  ___.      ___      .__   __. 
|  | (_ )   \/   |    |   _  \      /   \  |           ||   \/   |     /   \     |  \ |  | 
|  |  |/|  \  /  |    |  |_)  |    /  ^  \ `---|  |----`|  \  /  |    /  ^  \    |   \|  | 
|  |    |  |\/|  |    |   _  <    /  /_\  \    |  |     |  |\/|  |   /  /_\  \   |  . `  | 
|  |    |  |  |  |    |  |_)  |  /  _____  \   |  |     |  |  |  |  /  _____  \  |  |\   | 
|__|    |__|  |__|    |______/  /__/     \__\  |__|     |__|  |__| /__/     \__\ |__| \__|

60 STRING Hello dis is dawg
61 EOF 
