1 COMMENT % does anyone have any orange slices ?
Error unclosed stream
