1 COMMENT % this file is rated PG-13
Error undefined escape sequence k
