1 STRING <67>
2 STRING Yuval
Error undefined escape sequence 1
