1 REAL 1.
2 REAL .2
3 REAL 0.0
4 REAL 0.
5 REAL .0
6 REAL 12.31
7 REAL .002
8 REAL .23400
9 REAL 1.000101
9 EOF 
