1 REAL 1.0
1 REAL .1
2 REAL 1.
2 REAL .1
3 REAL 1.
Error .
