3 STREAM 
6 STREAM muhahahaha
15 STREAM S
E
C
R
E
T
19 STREAM bendstream
23 STREAM stream
23 EOF 
