1 STRING this is a string
1 STRING we can ( ) escape stuff here
1 STRING like 
 	 \ b
Error 

