1 COMMENT %strings2
2 STRING 
3 STRING This is a test
4 STRING And another test
9 STRING A bunch of whitespaces
Error G
