1 COMMENT %streams
4 STREAM 
8 STREAM 7¬÷gYוֺ¼¶tg מ9®{ֿ¥PhYˆhת]Dַ.”h]‰ּ
sr3—³;V¶ w‹!-ˆ`]ײ›DI…¥ר״ס c#¿»¢רb/=¦
10 STREAM endstream
Error unclosed stream
