1 COMMENT %integers
2 INTEGER 0
3 INTEGER 000
4 INTEGER 123
5 INTEGER 1234
5 INTEGER 5678
6 INTEGER 00003
7 INTEGER +0
7 INTEGER -000
8 INTEGER +123
9 INTEGER 21
9 INTEGER +12
9 COMMENT %tokens don't need whitespace
10 INTEGER 0987654321
11 INTEGER -95
11 INTEGER -87
11 COMMENT %and again
12 EOF 
