1 COMMENT %reals
2 REAL 12.3
3 REAL 45.678
4 REAL +098.12
4 REAL -12.234
5 REAL 55.
6 REAL 000.
7 REAL -934.
7 REAL +234.
7 REAL 23.
8 REAL .0
9 REAL .12345
10 REAL +.047
11 REAL -.836
12 REAL 123.456
12 REAL .435
13 REAL -223.44
Error .
