1 COMMENT %names
2 NAME /Name
3 NAME /anothername
4 NAME /Several
4 NAME /names
4 NAME /in
4 NAME /a
4 NAME /row
5 NAME /alnumname123
5 NAME /Just
5 NAME /num
5 NAME /name
5 NAME /7047
Error /
