---end scope---
x BYTE -1
y BYTE -2
line 7: syntax error
