---end scope---
x INT 0
line 6: identifier main is already defined
