---end scope---
param INT -1
Program has no 'void main()' function
