---end scope---
param INT -1
line 5: identifier main is already defined
