---end scope---
x INT -1
---end scope---
x INT -1
---end scope---
---end scope---
print (STRING)->VOID 0
printi (INT)->VOID 0
foo (INT)->INT 0
foo2 (INT)->INT 0
main ()->VOID 0
