---end scope---
me BYTE -1
line 10: type mismatch
