Producing Obj
Producing Body
Producing Dict
Producing KVList
Finished producing KVList
Finished producing Dict
Finished producing Body
Finished producing Obj
Syntax error
