Loaded: ./exceptions.s
0:
default
2
1:
2:
2
3:
4:
default
2
5:
default
2
