1 COMMENT % does anyone have any orange slices ?
10 STREAM 
stream

stream

stream

Error unclosed stream
