Loaded: ./exceptions.s
255
255
0
0
2
254
510
2147483647
2147483647
-2147483648
-2147483648
-2147483648
1
1
1410065408
45
300